// Jest Snapshot v1, https://goo.gl/fbAQLP

exports[`<TextInput /> should match snapshot 1`] = `
<input
  class="textInput"
  placeholder="Type your search"
  type="search"
  value=""
/>
`;

exports[`<TextInput/> should match snapshot 1`] = `
<input
  class="textInput"
  placeholder="Type your search"
  type="search"
  value=""
/>
`;
